
=== Tue Jun 25 17:57:00 2019

Packages were changed.
Update Mode: mergeDefaultDependencies

The following packages were updated:
  com.unity.analytics from version 3.2.2 to 3.3.2
  com.unity.collab-proxy from version 1.2.9 to 1.2.16
  com.unity.package-manager-ui from version 2.1.1 to 2.1.2
  com.unity.purchasing from version 2.0.1 to 2.0.6
  com.unity.textmeshpro from version 1.3.0 to 2.0.1
  com.unity.timeline from version 0.0.0-builtin to 1.0.0

=== Tue Nov 24 03:53:31 2020

Packages were changed.
Update Mode: updateDependencies

The following packages were added:
  com.unity.2d.sprite@1.0.0
  com.unity.2d.tilemap@1.0.0
  com.unity.ide.rider@1.1.4
  com.unity.ide.vscode@1.2.3
  com.unity.modules.androidjni@1.0.0
  com.unity.test-framework@1.1.18
  com.unity.ugui@1.0.0
The following packages were updated:
  com.unity.analytics from version 3.3.2 to 3.3.5
  com.unity.purchasing from version 2.0.6 to 2.1.1
  com.unity.timeline from version 1.0.0 to 1.2.6
The following packages were removed:
  com.unity.package-manager-ui@2.1.2

=== Tue Feb 18 13:16:25 2025

Packages were changed.
Update Mode: updateDependencies

The following packages were added:
  com.unity.ide.visualstudio@2.0.22
  com.unity.ai.navigation@2.0.5
  com.unity.modules.accessibility@1.0.0
  com.unity.multiplayer.center@1.0.0
The following packages were updated:
  com.unity.analytics from version 3.3.5 to 3.8.1
  com.unity.collab-proxy from version 1.2.16 to 2.6.0
  com.unity.ide.rider from version 1.1.4 to 3.0.31
  com.unity.purchasing from version 2.1.1 to 4.12.2
  com.unity.render-pipelines.universal from version 7.3.1 to 17.0.3
  com.unity.test-framework from version 1.1.18 to 1.4.6
  com.unity.timeline from version 1.2.6 to 1.8.7
  com.unity.ugui from version 1.0.0 to 2.0.0
The following packages were removed:
  com.unity.textmeshpro@2.0.1

=== Fri Sep  5 20:26:32 2025

Packages were changed.
Update Mode: updateDependencies

The following packages were updated:
  com.unity.ai.navigation from version 2.0.5 to 2.0.8
  com.unity.collab-proxy from version 2.6.0 to 2.8.2
  com.unity.ide.rider from version 3.0.31 to 3.0.36
  com.unity.ide.visualstudio from version 2.0.22 to 2.0.23
  com.unity.inputsystem from version 1.13.1 to 1.14.1
  com.unity.render-pipelines.universal from version 17.0.3 to 17.0.4
  com.unity.test-framework from version 1.4.6 to 1.5.1

=== Thu Oct  9 01:16:44 2025

Packages were changed.
Update Mode: updateDependencies

The following packages were updated:
  com.unity.ai.navigation from version 2.0.8 to 2.0.9
  com.unity.collab-proxy from version 2.8.2 to 2.9.3
  com.unity.ide.rider from version 3.0.36 to 3.0.38
  com.unity.inputsystem from version 1.14.1 to 1.14.2
  com.unity.test-framework from version 1.5.1 to 1.6.0
  com.unity.timeline from version 1.8.7 to 1.8.9
